#-----------------------------------------------------------
# Webtalk v2019.2 (64-bit)
# SW Build 2708876 on Wed Nov  6 21:40:23 MST 2019
# IP Build 2700528 on Thu Nov  7 00:09:20 MST 2019
# Start of session at: Mon Jan 11 19:53:23 2021
# Process ID: 19208
# Current directory: C:/Github/Zybo_mipi/HDMI_delay_measurement/HDMI_delay_measurement.sim/sim_1/behav/xsim
# Command line: wbtcv.exe -mode batch -source C:/Github/Zybo_mipi/HDMI_delay_measurement/HDMI_delay_measurement.sim/sim_1/behav/xsim/xsim.dir/videoGen_top_behav/webtalk/xsim_webtalk.tcl -notrace
# Log file: C:/Github/Zybo_mipi/HDMI_delay_measurement/HDMI_delay_measurement.sim/sim_1/behav/xsim/webtalk.log
# Journal file: C:/Github/Zybo_mipi/HDMI_delay_measurement/HDMI_delay_measurement.sim/sim_1/behav/xsim\webtalk.jou
#-----------------------------------------------------------
source C:/Github/Zybo_mipi/HDMI_delay_measurement/HDMI_delay_measurement.sim/sim_1/behav/xsim/xsim.dir/videoGen_top_behav/webtalk/xsim_webtalk.tcl -notrace
