19:10:49 **** Incremental Build of project design_1_wrapper ****
buildplatform.bat 60795 design_1_wrapper no_domain_build 
XSDB Server Channel: tcfchan#4
Building the BSP Library for domain  - standalone_domain on processor ps7_cortexa9_0
"Running Make include in ps7_cortexa9_0/libsrc/coresightps_dcc_v1_6/src"

make -C ps7_cortexa9_0/libsrc/coresightps_dcc_v1_6/src -s include  "SHELL=CMD" "COMPILER=arm-none-eabi-gcc" "ASSEMBLER=arm-none
-eabi-as" "ARCHIVER=arm-none-eabi-ar" "COMPILER_FLAGS=  -O2 -c" "EXTRA_COMPILER_FLAGS=-mcpu=cortex-a9 -mfpu=vfpv3 -mfloat-abi=h
ard -nostartfiles -g -Wall -Wextra"

"Running Make include in ps7_cortexa9_0/libsrc/cpu_cortexa9_v2_8/src"

make -C ps7_cortexa9_0/libsrc/cpu_cortexa9_v2_8/src -s include  "SHELL=CMD" "COMPILER=arm-none-eabi-gcc" "ASSEMBLER=arm-none-ea
bi-as" "ARCHIVER=arm-none-eabi-ar" "COMPILER_FLAGS=  -O2 -c" "EXTRA_COMPILER_FLAGS=-mcpu=cortex-a9 -mfpu=vfpv3 -mfloat-abi=hard
 -nostartfiles -g -Wall -Wextra"

"Running Make include in ps7_cortexa9_0/libsrc/csi_v1_3/src"

make -C ps7_cortexa9_0/libsrc/csi_v1_3/src -s include  "SHELL=CMD" "COMPILER=arm-none-eabi-gcc" "ASSEMBLER=arm-none-eabi-as" "A
RCHIVER=arm-none-eabi-ar" "COMPILER_FLAGS=  -O2 -c" "EXTRA_COMPILER_FLAGS=-mcpu=cortex-a9 -mfpu=vfpv3 -mfloat-abi=hard -nostart
files -g -Wall -Wextra"

"Running Make include in ps7_cortexa9_0/libsrc/ddrps_v1_0/src"

make -C ps7_cortexa9_0/libsrc/ddrps_v1_0/src -s include  "SHELL=CMD" "COMPILER=arm-none-eabi-gcc" "ASSEMBLER=arm-none-eabi-as" 
"ARCHIVER=arm-none-eabi-ar" "COMPILER_FLAGS=  -O2 -c" "EXTRA_COMPILER_FLAGS=-mcpu=cortex-a9 -mfpu=vfpv3 -mfloat-abi=hard -nosta
rtfiles -g -Wall -Wextra"

"Running Make include in ps7_cortexa9_0/libsrc/devcfg_v3_5/src"

make -C ps7_cortexa9_0/libsrc/devcfg_v3_5/src -s include  "SHELL=CMD" "COMPILER=arm-none-eabi-gcc" "ASSEMBLER=arm-none-eabi-as"
 "ARCHIVER=arm-none-eabi-ar" "COMPILER_FLAGS=  -O2 -c" "EXTRA_COMPILER_FLAGS=-mcpu=cortex-a9 -mfpu=vfpv3 -mfloat-abi=hard -nost
artfiles -g -Wall -Wextra"

"Running Make include in ps7_cortexa9_0/libsrc/dmaps_v2_5/src"

make -C ps7_cortexa9_0/libsrc/dmaps_v2_5/src -s include  "SHELL=CMD" "COMPILER=arm-none-eabi-gcc" "ASSEMBLER=arm-none-eabi-as" 
"ARCHIVER=arm-none-eabi-ar" "COMPILER_FLAGS=  -O2 -c" "EXTRA_COMPILER_FLAGS=-mcpu=cortex-a9 -mfpu=vfpv3 -mfloat-abi=hard -nosta
rtfiles -g -Wall -Wextra"

"Running Make include in ps7_cortexa9_0/libsrc/emacps_v3_10/src"

make -C ps7_cortexa9_0/libsrc/emacps_v3_10/src -s include  "SHELL=CMD" "COMPILER=arm-none-eabi-gcc" "ASSEMBLER=arm-none-eabi-as
" "ARCHIVER=arm-none-eabi-ar" "COMPILER_FLAGS=  -O2 -c" "EXTRA_COMPILER_FLAGS=-mcpu=cortex-a9 -mfpu=vfpv3 -mfloat-abi=hard -nos
tartfiles -g -Wall -Wextra"

"Running Make include in ps7_cortexa9_0/libsrc/gpiops_v3_6/src"

make -C ps7_cortexa9_0/libsrc/gpiops_v3_6/src -s include  "SHELL=CMD" "COMPILER=arm-none-eabi-gcc" "ASSEMBLER=arm-none-eabi-as"
 "ARCHIVER=arm-none-eabi-ar" "COMPILER_FLAGS=  -O2 -c" "EXTRA_COMPILER_FLAGS=-mcpu=cortex-a9 -mfpu=vfpv3 -mfloat-abi=hard -nost
artfiles -g -Wall -Wextra"

"Running Make include in ps7_cortexa9_0/libsrc/gpio_v4_5/src"

make -C ps7_cortexa9_0/libsrc/gpio_v4_5/src -s include  "SHELL=CMD" "COMPILER=arm-none-eabi-gcc" "ASSEMBLER=arm-none-eabi-as" "
ARCHIVER=arm-none-eabi-ar" "COMPILER_FLAGS=  -O2 -c" "EXTRA_COMPILER_FLAGS=-mcpu=cortex-a9 -mfpu=vfpv3 -mfloat-abi=hard -nostar
tfiles -g -Wall -Wextra"

"Running Make include in ps7_cortexa9_0/libsrc/iicps_v3_10/src"

make -C ps7_cortexa9_0/libsrc/iicps_v3_10/src -s include  "SHELL=CMD" "COMPILER=arm-none-eabi-gcc" "ASSEMBLER=arm-none-eabi-as"
 "ARCHIVER=arm-none-eabi-ar" "COMPILER_FLAGS=  -O2 -c" "EXTRA_COMPILER_FLAGS=-mcpu=cortex-a9 -mfpu=vfpv3 -mfloat-abi=hard -nost
artfiles -g -Wall -Wextra"

"Running Make include in ps7_cortexa9_0/libsrc/mipicsiss_v1_2/src"

make -C ps7_cortexa9_0/libsrc/mipicsiss_v1_2/src -s include  "SHELL=CMD" "COMPILER=arm-none-eabi-gcc" "ASSEMBLER=arm-none-eabi-
as" "ARCHIVER=arm-none-eabi-ar" "COMPILER_FLAGS=  -O2 -c" "EXTRA_COMPILER_FLAGS=-mcpu=cortex-a9 -mfpu=vfpv3 -mfloat-abi=hard -n
ostartfiles -g -Wall -Wextra"

"Running Make include in ps7_cortexa9_0/libsrc/qspips_v3_6/src"

make -C ps7_cortexa9_0/libsrc/qspips_v3_6/src -s include  "SHELL=CMD" "COMPILER=arm-none-eabi-gcc" "ASSEMBLER=arm-none-eabi-as"
 "ARCHIVER=arm-none-eabi-ar" "COMPILER_FLAGS=  -O2 -c" "EXTRA_COMPILER_FLAGS=-mcpu=cortex-a9 -mfpu=vfpv3 -mfloat-abi=hard -nost
artfiles -g -Wall -Wextra"

"Running Make include in ps7_cortexa9_0/libsrc/scugic_v4_1/src"

make -C ps7_cortexa9_0/libsrc/scugic_v4_1/src -s include  "SHELL=CMD" "COMPILER=arm-none-eabi-gcc" "ASSEMBLER=arm-none-eabi-as"
 "ARCHIVER=arm-none-eabi-ar" "COMPILER_FLAGS=  -O2 -c" "EXTRA_COMPILER_FLAGS=-mcpu=cortex-a9 -mfpu=vfpv3 -mfloat-abi=hard -nost
artfiles -g -Wall -Wextra"

"Running Make include in ps7_cortexa9_0/libsrc/scutimer_v2_1/src"

make -C ps7_cortexa9_0/libsrc/scutimer_v2_1/src -s include  "SHELL=CMD" "COMPILER=arm-none-eabi-gcc" "ASSEMBLER=arm-none-eabi-a
s" "ARCHIVER=arm-none-eabi-ar" "COMPILER_FLAGS=  -O2 -c" "EXTRA_COMPILER_FLAGS=-mcpu=cortex-a9 -mfpu=vfpv3 -mfloat-abi=hard -no
startfiles -g -Wall -Wextra"

"Running Make include in ps7_cortexa9_0/libsrc/scuwdt_v2_1/src"

make -C ps7_cortexa9_0/libsrc/scuwdt_v2_1/src -s include  "SHELL=CMD" "COMPILER=arm-none-eabi-gcc" "ASSEMBLER=arm-none-eabi-as"
 "ARCHIVER=arm-none-eabi-ar" "COMPILER_FLAGS=  -O2 -c" "EXTRA_COMPILER_FLAGS=-mcpu=cortex-a9 -mfpu=vfpv3 -mfloat-abi=hard -nost
artfiles -g -Wall -Wextra"

"Running Make include in ps7_cortexa9_0/libsrc/sdps_v3_8/src"

make -C ps7_cortexa9_0/libsrc/sdps_v3_8/src -s include  "SHELL=CMD" "COMPILER=arm-none-eabi-gcc" "ASSEMBLER=arm-none-eabi-as" "
ARCHIVER=arm-none-eabi-ar" "COMPILER_FLAGS=  -O2 -c" "EXTRA_COMPILER_FLAGS=-mcpu=cortex-a9 -mfpu=vfpv3 -mfloat-abi=hard -nostar
tfiles -g -Wall -Wextra"

"Running Make include in ps7_cortexa9_0/libsrc/standalone_v7_1/src"

make -C ps7_cortexa9_0/libsrc/standalone_v7_1/src -s include  "SHELL=CMD" "COMPILER=arm-none-eabi-gcc" "ASSEMBLER=arm-none-eabi
-as" "ARCHIVER=arm-none-eabi-ar" "COMPILER_FLAGS=  -O2 -c" "EXTRA_COMPILER_FLAGS=-mcpu=cortex-a9 -mfpu=vfpv3 -mfloat-abi=hard -
nostartfiles -g -Wall -Wextra"

"Running Make include in ps7_cortexa9_0/libsrc/uartps_v3_8/src"

make -C ps7_cortexa9_0/libsrc/uartps_v3_8/src -s include  "SHELL=CMD" "COMPILER=arm-none-eabi-gcc" "ASSEMBLER=arm-none-eabi-as"
 "ARCHIVER=arm-none-eabi-ar" "COMPILER_FLAGS=  -O2 -c" "EXTRA_COMPILER_FLAGS=-mcpu=cortex-a9 -mfpu=vfpv3 -mfloat-abi=hard -nost
artfiles -g -Wall -Wextra"

"Running Make include in ps7_cortexa9_0/libsrc/usbps_v2_4/src"

make -C ps7_cortexa9_0/libsrc/usbps_v2_4/src -s include  "SHELL=CMD" "COMPILER=arm-none-eabi-gcc" "ASSEMBLER=arm-none-eabi-as" 
"ARCHIVER=arm-none-eabi-ar" "COMPILER_FLAGS=  -O2 -c" "EXTRA_COMPILER_FLAGS=-mcpu=cortex-a9 -mfpu=vfpv3 -mfloat-abi=hard -nosta
rtfiles -g -Wall -Wextra"

"Running Make include in ps7_cortexa9_0/libsrc/xadcps_v2_3/src"

make -C ps7_cortexa9_0/libsrc/xadcps_v2_3/src -s include  "SHELL=CMD" "COMPILER=arm-none-eabi-gcc" "ASSEMBLER=arm-none-eabi-as"
 "ARCHIVER=arm-none-eabi-ar" "COMPILER_FLAGS=  -O2 -c" "EXTRA_COMPILER_FLAGS=-mcpu=cortex-a9 -mfpu=vfpv3 -mfloat-abi=hard -nost
artfiles -g -Wall -Wextra"

"Running Make libs in ps7_cortexa9_0/libsrc/coresightps_dcc_v1_6/src"

make -C ps7_cortexa9_0/libsrc/coresightps_dcc_v1_6/src -s libs  "SHELL=CMD" "COMPILER=arm-none-eabi-gcc" "ASSEMBLER=arm-none-ea
bi-as" "ARCHIVER=arm-none-eabi-ar" "COMPILER_FLAGS=  -O2 -c" "EXTRA_COMPILER_FLAGS=-mcpu=cortex-a9 -mfpu=vfpv3 -mfloat-abi=hard
 -nostartfiles -g -Wall -Wextra"

"Compiling coresightps_dcc"

arm-none-eabi-ar: creating ../../../lib/libxil.a
"Running Make libs in ps7_cortexa9_0/libsrc/cpu_cortexa9_v2_8/src"

make -C ps7_cortexa9_0/libsrc/cpu_cortexa9_v2_8/src -s libs  "SHELL=CMD" "COMPILER=arm-none-eabi-gcc" "ASSEMBLER=arm-none-eabi-
as" "ARCHIVER=arm-none-eabi-ar" "COMPILER_FLAGS=  -O2 -c" "EXTRA_COMPILER_FLAGS=-mcpu=cortex-a9 -mfpu=vfpv3 -mfloat-abi=hard -n
ostartfiles -g -Wall -Wextra"

"Compiling cpu_cortexa9"

"Running Make libs in ps7_cortexa9_0/libsrc/csi_v1_3/src"

make -C ps7_cortexa9_0/libsrc/csi_v1_3/src -s libs  "SHELL=CMD" "COMPILER=arm-none-eabi-gcc" "ASSEMBLER=arm-none-eabi-as" "ARCH
IVER=arm-none-eabi-ar" "COMPILER_FLAGS=  -O2 -c" "EXTRA_COMPILER_FLAGS=-mcpu=cortex-a9 -mfpu=vfpv3 -mfloat-abi=hard -nostartfil
es -g -Wall -Wextra"

"Compiling csi"

"Running Make libs in ps7_cortexa9_0/libsrc/ddrps_v1_0/src"

make -C ps7_cortexa9_0/libsrc/ddrps_v1_0/src -s libs  "SHELL=CMD" "COMPILER=arm-none-eabi-gcc" "ASSEMBLER=arm-none-eabi-as" "AR
CHIVER=arm-none-eabi-ar" "COMPILER_FLAGS=  -O2 -c" "EXTRA_COMPILER_FLAGS=-mcpu=cortex-a9 -mfpu=vfpv3 -mfloat-abi=hard -nostartf
iles -g -Wall -Wextra"

"Compiling ddrps"

"Running Make libs in ps7_cortexa9_0/libsrc/devcfg_v3_5/src"

make -C ps7_cortexa9_0/libsrc/devcfg_v3_5/src -s libs  "SHELL=CMD" "COMPILER=arm-none-eabi-gcc" "ASSEMBLER=arm-none-eabi-as" "A
RCHIVER=arm-none-eabi-ar" "COMPILER_FLAGS=  -O2 -c" "EXTRA_COMPILER_FLAGS=-mcpu=cortex-a9 -mfpu=vfpv3 -mfloat-abi=hard -nostart
files -g -Wall -Wextra"

"Compiling devcfg"

"Running Make libs in ps7_cortexa9_0/libsrc/dmaps_v2_5/src"

make -C ps7_cortexa9_0/libsrc/dmaps_v2_5/src -s libs  "SHELL=CMD" "COMPILER=arm-none-eabi-gcc" "ASSEMBLER=arm-none-eabi-as" "AR
CHIVER=arm-none-eabi-ar" "COMPILER_FLAGS=  -O2 -c" "EXTRA_COMPILER_FLAGS=-mcpu=cortex-a9 -mfpu=vfpv3 -mfloat-abi=hard -nostartf
iles -g -Wall -Wextra"

"Compiling dmaps"

"Running Make libs in ps7_cortexa9_0/libsrc/emacps_v3_10/src"

make -C ps7_cortexa9_0/libsrc/emacps_v3_10/src -s libs  "SHELL=CMD" "COMPILER=arm-none-eabi-gcc" "ASSEMBLER=arm-none-eabi-as" "
ARCHIVER=arm-none-eabi-ar" "COMPILER_FLAGS=  -O2 -c" "EXTRA_COMPILER_FLAGS=-mcpu=cortex-a9 -mfpu=vfpv3 -mfloat-abi=hard -nostar
tfiles -g -Wall -Wextra"

"Compiling emacps"

"Running Make libs in ps7_cortexa9_0/libsrc/gpiops_v3_6/src"

make -C ps7_cortexa9_0/libsrc/gpiops_v3_6/src -s libs  "SHELL=CMD" "COMPILER=arm-none-eabi-gcc" "ASSEMBLER=arm-none-eabi-as" "A
RCHIVER=arm-none-eabi-ar" "COMPILER_FLAGS=  -O2 -c" "EXTRA_COMPILER_FLAGS=-mcpu=cortex-a9 -mfpu=vfpv3 -mfloat-abi=hard -nostart
files -g -Wall -Wextra"

"Compiling gpiops"

"Running Make libs in ps7_cortexa9_0/libsrc/gpio_v4_5/src"

make -C ps7_cortexa9_0/libsrc/gpio_v4_5/src -s libs  "SHELL=CMD" "COMPILER=arm-none-eabi-gcc" "ASSEMBLER=arm-none-eabi-as" "ARC
HIVER=arm-none-eabi-ar" "COMPILER_FLAGS=  -O2 -c" "EXTRA_COMPILER_FLAGS=-mcpu=cortex-a9 -mfpu=vfpv3 -mfloat-abi=hard -nostartfi
les -g -Wall -Wextra"

"Compiling gpio"

"Running Make libs in ps7_cortexa9_0/libsrc/iicps_v3_10/src"

make -C ps7_cortexa9_0/libsrc/iicps_v3_10/src -s libs  "SHELL=CMD" "COMPILER=arm-none-eabi-gcc" "ASSEMBLER=arm-none-eabi-as" "A
RCHIVER=arm-none-eabi-ar" "COMPILER_FLAGS=  -O2 -c" "EXTRA_COMPILER_FLAGS=-mcpu=cortex-a9 -mfpu=vfpv3 -mfloat-abi=hard -nostart
files -g -Wall -Wextra"

"Compiling iicps"

"Running Make libs in ps7_cortexa9_0/libsrc/mipicsiss_v1_2/src"

make -C ps7_cortexa9_0/libsrc/mipicsiss_v1_2/src -s libs  "SHELL=CMD" "COMPILER=arm-none-eabi-gcc" "ASSEMBLER=arm-none-eabi-as"
 "ARCHIVER=arm-none-eabi-ar" "COMPILER_FLAGS=  -O2 -c" "EXTRA_COMPILER_FLAGS=-mcpu=cortex-a9 -mfpu=vfpv3 -mfloat-abi=hard -nost
artfiles -g -Wall -Wextra"

"Compiling mipicsiss"

"Running Make libs in ps7_cortexa9_0/libsrc/qspips_v3_6/src"

make -C ps7_cortexa9_0/libsrc/qspips_v3_6/src -s libs  "SHELL=CMD" "COMPILER=arm-none-eabi-gcc" "ASSEMBLER=arm-none-eabi-as" "A
RCHIVER=arm-none-eabi-ar" "COMPILER_FLAGS=  -O2 -c" "EXTRA_COMPILER_FLAGS=-mcpu=cortex-a9 -mfpu=vfpv3 -mfloat-abi=hard -nostart
files -g -Wall -Wextra"

"Compiling qspips"

"Running Make libs in ps7_cortexa9_0/libsrc/scugic_v4_1/src"

make -C ps7_cortexa9_0/libsrc/scugic_v4_1/src -s libs  "SHELL=CMD" "COMPILER=arm-none-eabi-gcc" "ASSEMBLER=arm-none-eabi-as" "A
RCHIVER=arm-none-eabi-ar" "COMPILER_FLAGS=  -O2 -c" "EXTRA_COMPILER_FLAGS=-mcpu=cortex-a9 -mfpu=vfpv3 -mfloat-abi=hard -nostart
files -g -Wall -Wextra"

"Compiling scugic"

"Running Make libs in ps7_cortexa9_0/libsrc/scutimer_v2_1/src"

make -C ps7_cortexa9_0/libsrc/scutimer_v2_1/src -s libs  "SHELL=CMD" "COMPILER=arm-none-eabi-gcc" "ASSEMBLER=arm-none-eabi-as" 
"ARCHIVER=arm-none-eabi-ar" "COMPILER_FLAGS=  -O2 -c" "EXTRA_COMPILER_FLAGS=-mcpu=cortex-a9 -mfpu=vfpv3 -mfloat-abi=hard -nosta
rtfiles -g -Wall -Wextra"

"Compiling scutimer"

"Running Make libs in ps7_cortexa9_0/libsrc/scuwdt_v2_1/src"

make -C ps7_cortexa9_0/libsrc/scuwdt_v2_1/src -s libs  "SHELL=CMD" "COMPILER=arm-none-eabi-gcc" "ASSEMBLER=arm-none-eabi-as" "A
RCHIVER=arm-none-eabi-ar" "COMPILER_FLAGS=  -O2 -c" "EXTRA_COMPILER_FLAGS=-mcpu=cortex-a9 -mfpu=vfpv3 -mfloat-abi=hard -nostart
files -g -Wall -Wextra"

"Compiling scuwdt"

"Running Make libs in ps7_cortexa9_0/libsrc/sdps_v3_8/src"

make -C ps7_cortexa9_0/libsrc/sdps_v3_8/src -s libs  "SHELL=CMD" "COMPILER=arm-none-eabi-gcc" "ASSEMBLER=arm-none-eabi-as" "ARC
HIVER=arm-none-eabi-ar" "COMPILER_FLAGS=  -O2 -c" "EXTRA_COMPILER_FLAGS=-mcpu=cortex-a9 -mfpu=vfpv3 -mfloat-abi=hard -nostartfi
les -g -Wall -Wextra"

"Compiling sdps"

"Running Make libs in ps7_cortexa9_0/libsrc/standalone_v7_1/src"

make -C ps7_cortexa9_0/libsrc/standalone_v7_1/src -s libs  "SHELL=CMD" "COMPILER=arm-none-eabi-gcc" "ASSEMBLER=arm-none-eabi-as
" "ARCHIVER=arm-none-eabi-ar" "COMPILER_FLAGS=  -O2 -c" "EXTRA_COMPILER_FLAGS=-mcpu=cortex-a9 -mfpu=vfpv3 -mfloat-abi=hard -nos
tartfiles -g -Wall -Wextra"

"Compiling standalone"

In file included from usleep.c:54:
xtime_l.h:85:9: note: #pragma message: For the sleep routines, Global timer is being used
 #pragma message ("For the sleep routines, Global timer is being used")
         ^~~~~~~
In file included from xil_sleeptimer.c:52:
xtime_l.h:85:9: note: #pragma message: For the sleep routines, Global timer is being used
 #pragma message ("For the sleep routines, Global timer is being used")
         ^~~~~~~
In file included from xtime_l.c:47:
xtime_l.h:85:9: note: #pragma message: For the sleep routines, Global timer is being used
 #pragma message ("For the sleep routines, Global timer is being used")
         ^~~~~~~
In file included from sleep.c:51:
xtime_l.h:85:9: note: #pragma message: For the sleep routines, Global timer is being used
 #pragma message ("For the sleep routines, Global timer is being used")
         ^~~~~~~
"Running Make libs in ps7_cortexa9_0/libsrc/uartps_v3_8/src"

make -C ps7_cortexa9_0/libsrc/uartps_v3_8/src -s libs  "SHELL=CMD" "COMPILER=arm-none-eabi-gcc" "ASSEMBLER=arm-none-eabi-as" "A
RCHIVER=arm-none-eabi-ar" "COMPILER_FLAGS=  -O2 -c" "EXTRA_COMPILER_FLAGS=-mcpu=cortex-a9 -mfpu=vfpv3 -mfloat-abi=hard -nostart
files -g -Wall -Wextra"

"Compiling uartps"

"Running Make libs in ps7_cortexa9_0/libsrc/usbps_v2_4/src"

make -C ps7_cortexa9_0/libsrc/usbps_v2_4/src -s libs  "SHELL=CMD" "COMPILER=arm-none-eabi-gcc" "ASSEMBLER=arm-none-eabi-as" "AR
CHIVER=arm-none-eabi-ar" "COMPILER_FLAGS=  -O2 -c" "EXTRA_COMPILER_FLAGS=-mcpu=cortex-a9 -mfpu=vfpv3 -mfloat-abi=hard -nostartf
iles -g -Wall -Wextra"

"Compiling usbps"

"Running Make libs in ps7_cortexa9_0/libsrc/xadcps_v2_3/src"

make -C ps7_cortexa9_0/libsrc/xadcps_v2_3/src -s libs  "SHELL=CMD" "COMPILER=arm-none-eabi-gcc" "ASSEMBLER=arm-none-eabi-as" "A
RCHIVER=arm-none-eabi-ar" "COMPILER_FLAGS=  -O2 -c" "EXTRA_COMPILER_FLAGS=-mcpu=cortex-a9 -mfpu=vfpv3 -mfloat-abi=hard -nostart
files -g -Wall -Wextra"

"Compiling xadcps"

'Finished building libraries'

19:11:38 **** Incremental Build of configuration Debug for project ov5640_mipi ****
make all 
make --no-print-directory pre-build
a9-linaro-pre-build-step
' '
make --no-print-directory main-build
'Building file: ../src/helloworld.c'
'Invoking: ARM v7 gcc compiler'
arm-none-eabi-gcc -Wall -O0 -g3 -c -fmessage-length=0 -MT"src/helloworld.o" -mcpu=cortex-a9 -mfpu=vfpv3 -mfloat-abi=hard -IC:/Users/ivr/Documents/GitHub/Zybo_mipi/zybo_ov5640/vitis/design_1_wrapper/export/design_1_wrapper/sw/design_1_wrapper/standalone_domain/bspinclude/include -MMD -MP -MF"src/helloworld.d" -MT"src/helloworld.o" -o "src/helloworld.o" "../src/helloworld.c"
'Finished building: ../src/helloworld.c'
' '
'Building file: ../src/platform.c'
'Invoking: ARM v7 gcc compiler'
arm-none-eabi-gcc -Wall -O0 -g3 -c -fmessage-length=0 -MT"src/platform.o" -mcpu=cortex-a9 -mfpu=vfpv3 -mfloat-abi=hard -IC:/Users/ivr/Documents/GitHub/Zybo_mipi/zybo_ov5640/vitis/design_1_wrapper/export/design_1_wrapper/sw/design_1_wrapper/standalone_domain/bspinclude/include -MMD -MP -MF"src/platform.d" -MT"src/platform.o" -o "src/platform.o" "../src/platform.c"
'Finished building: ../src/platform.c'
' '
'Building target: ov5640_mipi.elf'
'Invoking: ARM v7 gcc linker'
arm-none-eabi-gcc -mcpu=cortex-a9 -mfpu=vfpv3 -mfloat-abi=hard -Wl,-build-id=none -specs=Xilinx.spec -Wl,-T -Wl,../src/lscript.ld -LC:/Users/ivr/Documents/GitHub/Zybo_mipi/zybo_ov5640/vitis/design_1_wrapper/export/design_1_wrapper/sw/design_1_wrapper/standalone_domain/bsplib/lib -o "ov5640_mipi.elf"  ./src/helloworld.o ./src/platform.o   -Wl,--start-group,-lxil,-lgcc,-lc,--end-group
'Finished building target: ov5640_mipi.elf'
' '
'Invoking: ARM v7 Print Size'
arm-none-eabi-size ov5640_mipi.elf  |tee "ov5640_mipi.elf.size"
   text	   data	    bss	    dec	    hex	filename
  64812	   2600	  23392	  90804	  162b4	ov5640_mipi.elf
'Finished building: ov5640_mipi.elf.size'
' '
19:11:49 **** Incremental Build of configuration Debug for project ov5640_mipi_system ****
make all 
Generating bif file for the system project
generate_system_bif.bat 60795 C:/Users/ivr/Documents/GitHub/Zybo_mipi/zybo_ov5640/vitis/design_1_wrapper/export/design_1_wrapper/design_1_wrapper.xpfm standalone_domain C:/Users/ivr/Documents/GitHub/Zybo_mipi/zybo_ov5640/vitis/ov5640_mipi_system/Debug/system.bif
sdcard_gen --xpfm C:/Users/ivr/Documents/GitHub/Zybo_mipi/zybo_ov5640/vitis/design_1_wrapper/export/design_1_wrapper/design_1_wrapper.xpfm --sys_config design_1_wrapper --bif C:/Users/ivr/Documents/GitHub/Zybo_mipi/zybo_ov5640/vitis/ov5640_mipi_system/Debug/system.bif --bitstream C:/Users/ivr/Documents/GitHub/Zybo_mipi/zybo_ov5640/vitis/ov5640_mipi/_ide/bitstream/design_1_wrapper.bit --elf C:/Users/ivr/Documents/GitHub/Zybo_mipi/zybo_ov5640/vitis/ov5640_mipi/Debug/ov5640_mipi.elf,ps7_cortexa9_0
creating BOOT.BIN using C:/Users/ivr/Documents/GitHub/Zybo_mipi/zybo_ov5640/vitis/ov5640_mipi/_ide/bitstream/design_1_wrapper.bit
Running C:/Xilinx/Vitis/2019.2/bin/bootgen  -image C:/Users/ivr/Documents/GitHub/Zybo_mipi/zybo_ov5640/vitis/ov5640_mipi_system/Debug/sd_card_temp/boot.bif -w -o i BOOT.BIN
