02:07:02 **** Incremental Build of configuration Debug for project Pcam2019_send_app ****
make all 
make --no-print-directory pre-build
a9-linaro-pre-build-step
' '
make --no-print-directory main-build
'Building file: ../src/udp_perf_client.c'
'Invoking: ARM v7 g++ compiler'
arm-none-eabi-g++ -Wall -O0 -g3 -c -fmessage-length=0 -MT"src/udp_perf_client.o" -mcpu=cortex-a9 -mfpu=vfpv3 -mfloat-abi=hard -IC:/Github/Zybo_mipi/Pcam2019_send/Vitis/Pcam2019_send/export/Pcam2019_send/sw/Pcam2019_send/standalone_domain/bspinclude/include -MMD -MP -MF"src/udp_perf_client.d" -MT"src/udp_perf_client.o" -o "src/udp_perf_client.o" "../src/udp_perf_client.c"
../src/udp_perf_client.c: In function 'void transfer_data()':
../src/udp_perf_client.c:20:37: warning: '*' in boolean context, suggest '&&' instead [-Wint-in-bool-context]
 #define END_TIME (UDP_TIME_INTERVAL * 1000)
                  ~~~~~~~~~~~~~~~~~~~^~~~~~~
../src/udp_perf_client.c:219:6: note: in expansion of macro 'END_TIME'
  if (END_TIME || REPORT_INTERVAL_TIME) { //END_TIME
      ^~~~~~~~
../src/udp_perf_client.c:18:55: warning: '*' in boolean context, suggest '&&' instead [-Wint-in-bool-context]
 #define REPORT_INTERVAL_TIME (INTERIM_REPORT_INTERVAL * 1000)
                              ~~~~~~~~~~~~~~~~~~~~~~~~~^~~~~~~
../src/udp_perf_client.c:219:18: note: in expansion of macro 'REPORT_INTERVAL_TIME'
  if (END_TIME || REPORT_INTERVAL_TIME) { //END_TIME
                  ^~~~~~~~~~~~~~~~~~~~
../src/udp_perf_client.c:18:55: warning: '*' in boolean context, suggest '&&' instead [-Wint-in-bool-context]
 #define REPORT_INTERVAL_TIME (INTERIM_REPORT_INTERVAL * 1000)
                              ~~~~~~~~~~~~~~~~~~~~~~~~~^~~~~~~
../src/udp_perf_client.c:221:7: note: in expansion of macro 'REPORT_INTERVAL_TIME'
   if (REPORT_INTERVAL_TIME) {
       ^~~~~~~~~~~~~~~~~~~~
'Finished building: ../src/udp_perf_client.c'
' '
'Building target: Pcam2019_send_app.elf'
'Invoking: ARM v7 g++ linker'
arm-none-eabi-g++ -mcpu=cortex-a9 -mfpu=vfpv3 -mfloat-abi=hard -Wl,-build-id=none -specs=Xilinx.spec -Wl,-T -Wl,../src/lscript.ld -LC:/Github/Zybo_mipi/Pcam2019_send/Vitis/Pcam2019_send/export/Pcam2019_send/sw/Pcam2019_send/standalone_domain/bsplib/lib -o "Pcam2019_send_app.elf"  ./src/ov5640/OV5640.o  ./src/i2c_access.o ./src/iic_phyreset.o ./src/main.o ./src/platform.o ./src/sfp.o ./src/si5324.o ./src/udp_main.o ./src/udp_perf_client.o   -Wl,--start-group,-lxil,-lgcc,-lc,-lstdc++,--end-group -Wl,--start-group,-lxil,-llwip4,-lgcc,-lc,--end-group
'Finished building target: Pcam2019_send_app.elf'
' '
'Invoking: ARM v7 Print Size'
arm-none-eabi-size Pcam2019_send_app.elf  |tee "Pcam2019_send_app.elf.size"
   text	   data	    bss	    dec	    hex	filename
 707739	   3952	31512864	32224555	1ebb52b	Pcam2019_send_app.elf
'Finished building: Pcam2019_send_app.elf.size'
' '

02:07:03 Build Finished (took 1s.306ms)

