Nothing to build in platform 'Pcam2019_Validate'

21:02:50 **** Incremental Build of configuration Debug for project Pcam2019_validate_app ****
make all 
make --no-print-directory pre-build
a9-linaro-pre-build-step
' '
make --no-print-directory main-build
'Building file: ../src/ov5640/OV5640.cpp'
'Invoking: ARM v7 g++ compiler'
arm-none-eabi-g++ -Wall -O0 -g3 -c -fmessage-length=0 -MT"src/ov5640/OV5640.o" -mcpu=cortex-a9 -mfpu=vfpv3 -mfloat-abi=hard -IC:/Github/Zybo_mipi/Pcam2019_Validate/Vitis/Pcam2019_Validate/export/Pcam2019_Validate/sw/Pcam2019_Validate/standalone_domain/bspinclude/include -MMD -MP -MF"src/ov5640/OV5640.d" -MT"src/ov5640/OV5640.o" -o "src/ov5640/OV5640.o" "../src/ov5640/OV5640.cpp"
'Finished building: ../src/ov5640/OV5640.cpp'
' '
'Building file: ../src/main.cc'
'Invoking: ARM v7 g++ compiler'
arm-none-eabi-g++ -Wall -O0 -g3 -c -fmessage-length=0 -MT"src/main.o" -mcpu=cortex-a9 -mfpu=vfpv3 -mfloat-abi=hard -IC:/Github/Zybo_mipi/Pcam2019_Validate/Vitis/Pcam2019_Validate/export/Pcam2019_Validate/sw/Pcam2019_Validate/standalone_domain/bspinclude/include -MMD -MP -MF"src/main.d" -MT"src/main.o" -o "src/main.o" "../src/main.cc"
'Finished building: ../src/main.cc'
' '
'Building target: Pcam2019_validate_app.elf'
'Invoking: ARM v7 g++ linker'
arm-none-eabi-g++ -mcpu=cortex-a9 -mfpu=vfpv3 -mfloat-abi=hard -Wl,-build-id=none -specs=Xilinx.spec -Wl,-T -Wl,../src/lscript.ld -LC:/Github/Zybo_mipi/Pcam2019_Validate/Vitis/Pcam2019_Validate/export/Pcam2019_Validate/sw/Pcam2019_Validate/standalone_domain/bsplib/lib -o "Pcam2019_validate_app.elf"  ./src/ov5640/OV5640.o  ./src/i2c_access.o ./src/iic_phyreset.o ./src/main.o ./src/platform.o ./src/sfp.o ./src/si5324.o ./src/udp_main.o ./src/udp_perf_client.o   -Wl,--start-group,-lxil,-lgcc,-lc,-lstdc++,--end-group -Wl,--start-group,-lxil,-llwip4,-lgcc,-lc,--end-group
'Finished building target: Pcam2019_validate_app.elf'
' '
'Invoking: ARM v7 Print Size'
arm-none-eabi-size Pcam2019_validate_app.elf  |tee "Pcam2019_validate_app.elf.size"
   text	   data	    bss	    dec	    hex	filename
 706667	   3948	34658592	35369207	21bb0f7	Pcam2019_validate_app.elf
'Finished building: Pcam2019_validate_app.elf.size'
' '
21:02:54 **** Incremental Build of configuration Debug for project Pcam2019_validate_app_system ****
make all 
Generating bif file for the system project
generate_system_bif.bat 56185 C:/Github/Zybo_mipi/Pcam2019_Validate/Vitis/Pcam2019_Validate/export/Pcam2019_Validate/Pcam2019_Validate.xpfm standalone_domain C:/Github/Zybo_mipi/Pcam2019_Validate/Vitis/Pcam2019_validate_app_system/Debug/system.bif
sdcard_gen --xpfm C:/Github/Zybo_mipi/Pcam2019_Validate/Vitis/Pcam2019_Validate/export/Pcam2019_Validate/Pcam2019_Validate.xpfm --sys_config Pcam2019_Validate --bif C:/Github/Zybo_mipi/Pcam2019_Validate/Vitis/Pcam2019_validate_app_system/Debug/system.bif --bitstream C:/Github/Zybo_mipi/Pcam2019_Validate/Vitis/Pcam2019_validate_app/_ide/bitstream/system_wrapper.bit --elf C:/Github/Zybo_mipi/Pcam2019_Validate/Vitis/Pcam2019_validate_app/Debug/Pcam2019_validate_app.elf,ps7_cortexa9_0
creating BOOT.BIN using C:/Github/Zybo_mipi/Pcam2019_Validate/Vitis/Pcam2019_validate_app/_ide/bitstream/system_wrapper.bit
Running C:/Xilinx/Vitis/2019.2/bin/bootgen  -image C:/Github/Zybo_mipi/Pcam2019_Validate/Vitis/Pcam2019_validate_app_system/Debug/sd_card_temp/boot.bif -w -o i BOOT.BIN
