01:42:32 **** Incremental Build of configuration Debug for project Pcam2019_validate_app ****
make all 
make --no-print-directory pre-build
a9-linaro-pre-build-step
' '
make --no-print-directory main-build
'Building file: ../src/main.cc'
'Invoking: ARM v7 g++ compiler'
arm-none-eabi-g++ -Wall -O0 -g3 -c -fmessage-length=0 -MT"src/main.o" -mcpu=cortex-a9 -mfpu=vfpv3 -mfloat-abi=hard -IC:/Github/Zybo_mipi/Pcam2019_Validate/Vitis/Pcam2019_Validate/export/Pcam2019_Validate/sw/Pcam2019_Validate/standalone_domain/bspinclude/include -MMD -MP -MF"src/main.d" -MT"src/main.o" -o "src/main.o" "../src/main.cc"
'Finished building: ../src/main.cc'
' '
'Building file: ../src/udp_main.c'
'Invoking: ARM v7 g++ compiler'
arm-none-eabi-g++ -Wall -O0 -g3 -c -fmessage-length=0 -MT"src/udp_main.o" -mcpu=cortex-a9 -mfpu=vfpv3 -mfloat-abi=hard -IC:/Github/Zybo_mipi/Pcam2019_Validate/Vitis/Pcam2019_Validate/export/Pcam2019_Validate/sw/Pcam2019_Validate/standalone_domain/bspinclude/include -MMD -MP -MF"src/udp_main.d" -MT"src/udp_main.o" -o "src/udp_main.o" "../src/udp_main.c"
../src/udp_main.c: In function 'void print_ip_settings(ip_addr_t*, ip_addr_t*, ip_addr_t*)':
../src/udp_main.c:63:33: warning: ISO C++ forbids converting a string constant to 'char*' [-Wwrite-strings]
  print_ip("Board IP:       ", ip);
                                 ^
../src/udp_main.c:64:35: warning: ISO C++ forbids converting a string constant to 'char*' [-Wwrite-strings]
  print_ip("Netmask :       ", mask);
                                   ^
../src/udp_main.c:65:33: warning: ISO C++ forbids converting a string constant to 'char*' [-Wwrite-strings]
  print_ip("Gateway :       ", gw);
                                 ^
../src/udp_main.c: In function 'int udp_main()':
../src/udp_main.c:166:1: warning: control reaches end of non-void function [-Wreturn-type]
 }
 ^
'Finished building: ../src/udp_main.c'
' '
'Building target: Pcam2019_validate_app.elf'
'Invoking: ARM v7 g++ linker'
arm-none-eabi-g++ -mcpu=cortex-a9 -mfpu=vfpv3 -mfloat-abi=hard -Wl,-build-id=none -specs=Xilinx.spec -Wl,-T -Wl,../src/lscript.ld -LC:/Github/Zybo_mipi/Pcam2019_Validate/Vitis/Pcam2019_Validate/export/Pcam2019_Validate/sw/Pcam2019_Validate/standalone_domain/bsplib/lib -o "Pcam2019_validate_app.elf"  ./src/ov5640/OV5640.o  ./src/i2c_access.o ./src/iic_phyreset.o ./src/main.o ./src/platform.o ./src/sfp.o ./src/si5324.o ./src/udp_main.o ./src/udp_perf_client.o   -Wl,--start-group,-lxil,-lgcc,-lc,-lstdc++,--end-group -Wl,--start-group,-lxil,-llwip4,-lgcc,-lc,--end-group
'Finished building target: Pcam2019_validate_app.elf'
' '
'Invoking: ARM v7 Print Size'
arm-none-eabi-size Pcam2019_validate_app.elf  |tee "Pcam2019_validate_app.elf.size"
   text	   data	    bss	    dec	    hex	filename
 711515	   3948	34658592	35374055	21bc3e7	Pcam2019_validate_app.elf
'Finished building: Pcam2019_validate_app.elf.size'
' '

01:42:35 Build Finished (took 2s.586ms)

