04:14:58 **** Incremental Build of project pcam2019SendExp ****
buildplatform.bat 51701 pcam2019SendExp no_domain_build 
XSDB Server Channel: tcfchan#3
04:15:01 **** Build of configuration Debug for project pcam2019Exp ****
make all 
make --no-print-directory pre-build
a9-linaro-pre-build-step
' '
make --no-print-directory main-build
'Building file: ../src/ov5640/OV5640.cpp'
'Invoking: ARM v7 g++ compiler'
arm-none-eabi-g++ -Wall -O0 -g3 -c -fmessage-length=0 -MT"src/ov5640/OV5640.o" -mcpu=cortex-a9 -mfpu=vfpv3 -mfloat-abi=hard -IC:/Github/Zybo_mipi/Pcam2019_sendExp/vitis/pcam2019SendExp/export/pcam2019SendExp/sw/pcam2019SendExp/standalone_domain/bspinclude/include -MMD -MP -MF"src/ov5640/OV5640.d" -MT"src/ov5640/OV5640.o" -o "src/ov5640/OV5640.o" "../src/ov5640/OV5640.cpp"
'Finished building: ../src/ov5640/OV5640.cpp'
' '
'Building file: ../src/i2c_access.c'
'Invoking: ARM v7 g++ compiler'
arm-none-eabi-g++ -Wall -O0 -g3 -c -fmessage-length=0 -MT"src/i2c_access.o" -mcpu=cortex-a9 -mfpu=vfpv3 -mfloat-abi=hard -IC:/Github/Zybo_mipi/Pcam2019_sendExp/vitis/pcam2019SendExp/export/pcam2019SendExp/sw/pcam2019SendExp/standalone_domain/bspinclude/include -MMD -MP -MF"src/i2c_access.d" -MT"src/i2c_access.o" -o "src/i2c_access.o" "../src/i2c_access.c"
'Finished building: ../src/i2c_access.c'
' '
'Building file: ../src/iic_phyreset.c'
'Invoking: ARM v7 g++ compiler'
arm-none-eabi-g++ -Wall -O0 -g3 -c -fmessage-length=0 -MT"src/iic_phyreset.o" -mcpu=cortex-a9 -mfpu=vfpv3 -mfloat-abi=hard -IC:/Github/Zybo_mipi/Pcam2019_sendExp/vitis/pcam2019SendExp/export/pcam2019SendExp/sw/pcam2019SendExp/standalone_domain/bspinclude/include -MMD -MP -MF"src/iic_phyreset.d" -MT"src/iic_phyreset.o" -o "src/iic_phyreset.o" "../src/iic_phyreset.c"
'Finished building: ../src/iic_phyreset.c'
' '
'Building file: ../src/main.cc'
'Invoking: ARM v7 g++ compiler'
arm-none-eabi-g++ -Wall -O0 -g3 -c -fmessage-length=0 -MT"src/main.o" -mcpu=cortex-a9 -mfpu=vfpv3 -mfloat-abi=hard -IC:/Github/Zybo_mipi/Pcam2019_sendExp/vitis/pcam2019SendExp/export/pcam2019SendExp/sw/pcam2019SendExp/standalone_domain/bspinclude/include -MMD -MP -MF"src/main.d" -MT"src/main.o" -o "src/main.o" "../src/main.cc"
In file included from ../src/ov5640/TIMER.h:10,
                 from ../src/main.cc:8:
C:/Github/Zybo_mipi/Pcam2019_sendExp/vitis/pcam2019SendExp/export/pcam2019SendExp/sw/pcam2019SendExp/standalone_domain/bspinclude/include/xtime_l.h:85:70: note: #pragma message: For the sleep routines, Global timer is being used
 #pragma message ("For the sleep routines, Global timer is being used")
                                                                      ^
In file included from ../src/main.cc:6:
../src/ov5640/AXI_VDMA.h: In instantiation of 'void digilent::AXI_VDMA<IrptCtl>::writeHandler(uint32_t) [with IrptCtl = digilent::ScuGicInterruptController; uint32_t = long unsigned int]':
../src/ov5640/AXI_VDMA.h:62:25:   required from 'digilent::AXI_VDMA<IrptCtl>::AXI_VDMA(uint16_t, uint32_t, IrptCtl&, uint16_t, uint16_t) [with IrptCtl = digilent::ScuGicInterruptController; uint16_t = short unsigned int; uint32_t = long unsigned int]'
../src/main.cc:102:123:   required from here
../src/ov5640/AXI_VDMA.h:255:7: warning: variable 'prevFrame' set but not used [-Wunused-but-set-variable]
   int prevFrame = 0;
       ^~~~~~~~~
'Finished building: ../src/main.cc'
' '
'Building file: ../src/platform.c'
'Invoking: ARM v7 g++ compiler'
arm-none-eabi-g++ -Wall -O0 -g3 -c -fmessage-length=0 -MT"src/platform.o" -mcpu=cortex-a9 -mfpu=vfpv3 -mfloat-abi=hard -IC:/Github/Zybo_mipi/Pcam2019_sendExp/vitis/pcam2019SendExp/export/pcam2019SendExp/sw/pcam2019SendExp/standalone_domain/bspinclude/include -MMD -MP -MF"src/platform.d" -MT"src/platform.o" -o "src/platform.o" "../src/platform.c"
In file included from ../src/platform.c:63:
C:/Github/Zybo_mipi/Pcam2019_sendExp/vitis/pcam2019SendExp/export/pcam2019SendExp/sw/pcam2019SendExp/standalone_domain/bspinclude/include/xtime_l.h:85:70: note: #pragma message: For the sleep routines, Global timer is being used
 #pragma message ("For the sleep routines, Global timer is being used")
                                                                      ^
'Finished building: ../src/platform.c'
' '
'Building file: ../src/sfp.c'
'Invoking: ARM v7 g++ compiler'
arm-none-eabi-g++ -Wall -O0 -g3 -c -fmessage-length=0 -MT"src/sfp.o" -mcpu=cortex-a9 -mfpu=vfpv3 -mfloat-abi=hard -IC:/Github/Zybo_mipi/Pcam2019_sendExp/vitis/pcam2019SendExp/export/pcam2019SendExp/sw/pcam2019SendExp/standalone_domain/bspinclude/include -MMD -MP -MF"src/sfp.d" -MT"src/sfp.o" -o "src/sfp.o" "../src/sfp.c"
'Finished building: ../src/sfp.c'
' '
'Building file: ../src/si5324.c'
'Invoking: ARM v7 g++ compiler'
arm-none-eabi-g++ -Wall -O0 -g3 -c -fmessage-length=0 -MT"src/si5324.o" -mcpu=cortex-a9 -mfpu=vfpv3 -mfloat-abi=hard -IC:/Github/Zybo_mipi/Pcam2019_sendExp/vitis/pcam2019SendExp/export/pcam2019SendExp/sw/pcam2019SendExp/standalone_domain/bspinclude/include -MMD -MP -MF"src/si5324.d" -MT"src/si5324.o" -o "src/si5324.o" "../src/si5324.c"
'Finished building: ../src/si5324.c'
' '
'Building file: ../src/udp_main.c'
'Invoking: ARM v7 g++ compiler'
arm-none-eabi-g++ -Wall -O0 -g3 -c -fmessage-length=0 -MT"src/udp_main.o" -mcpu=cortex-a9 -mfpu=vfpv3 -mfloat-abi=hard -IC:/Github/Zybo_mipi/Pcam2019_sendExp/vitis/pcam2019SendExp/export/pcam2019SendExp/sw/pcam2019SendExp/standalone_domain/bspinclude/include -MMD -MP -MF"src/udp_main.d" -MT"src/udp_main.o" -o "src/udp_main.o" "../src/udp_main.c"
../src/udp_main.c: In function 'void print_ip_settings(ip_addr_t*, ip_addr_t*, ip_addr_t*)':
../src/udp_main.c:62:33: warning: ISO C++ forbids converting a string constant to 'char*' [-Wwrite-strings]
  print_ip("Board IP:       ", ip);
                                 ^
../src/udp_main.c:63:35: warning: ISO C++ forbids converting a string constant to 'char*' [-Wwrite-strings]
  print_ip("Netmask :       ", mask);
                                   ^
../src/udp_main.c:64:33: warning: ISO C++ forbids converting a string constant to 'char*' [-Wwrite-strings]
  print_ip("Gateway :       ", gw);
                                 ^
../src/udp_main.c: In function 'int udp_loop()':
../src/udp_main.c:179:1: warning: no return statement in function returning non-void [-Wreturn-type]
 }
 ^
'Finished building: ../src/udp_main.c'
' '
'Building file: ../src/udp_perf_client.c'
'Invoking: ARM v7 g++ compiler'
arm-none-eabi-g++ -Wall -O0 -g3 -c -fmessage-length=0 -MT"src/udp_perf_client.o" -mcpu=cortex-a9 -mfpu=vfpv3 -mfloat-abi=hard -IC:/Github/Zybo_mipi/Pcam2019_sendExp/vitis/pcam2019SendExp/export/pcam2019SendExp/sw/pcam2019SendExp/standalone_domain/bspinclude/include -MMD -MP -MF"src/udp_perf_client.d" -MT"src/udp_perf_client.o" -o "src/udp_perf_client.o" "../src/udp_perf_client.c"
../src/udp_perf_client.c: In function 'void transfer_data()':
../src/udp_perf_client.c:26:42: warning: '*' in boolean context, suggest '&&' instead [-Wint-in-bool-context]
 #define END_TIME ((u32)UDP_TIME_INTERVAL * (u32)1000)
                  ~~~~~~~~~~~~~~~~~~~~~~~~^~~~~~~~~~~~
../src/udp_perf_client.c:227:7: note: in expansion of macro 'END_TIME'
   if (END_TIME || REPORT_INTERVAL_TIME) { //END_TIME
       ^~~~~~~~
../src/udp_perf_client.c:24:60: warning: '*' in boolean context, suggest '&&' instead [-Wint-in-bool-context]
 #define REPORT_INTERVAL_TIME ((u32)INTERIM_REPORT_INTERVAL * (u32)1000)
                              ~~~~~~~~~~~~~~~~~~~~~~~~~~~~~~^~~~~~~~~~~~
../src/udp_perf_client.c:227:19: note: in expansion of macro 'REPORT_INTERVAL_TIME'
   if (END_TIME || REPORT_INTERVAL_TIME) { //END_TIME
                   ^~~~~~~~~~~~~~~~~~~~
../src/udp_perf_client.c:24:60: warning: '*' in boolean context, suggest '&&' instead [-Wint-in-bool-context]
 #define REPORT_INTERVAL_TIME ((u32)INTERIM_REPORT_INTERVAL * (u32)1000)
                              ~~~~~~~~~~~~~~~~~~~~~~~~~~~~~~^~~~~~~~~~~~
../src/udp_perf_client.c:229:8: note: in expansion of macro 'REPORT_INTERVAL_TIME'
    if (REPORT_INTERVAL_TIME) {
        ^~~~~~~~~~~~~~~~~~~~
'Finished building: ../src/udp_perf_client.c'
' '
'Building target: pcam2019Exp.elf'
'Invoking: ARM v7 g++ linker'
arm-none-eabi-g++ -mcpu=cortex-a9 -mfpu=vfpv3 -mfloat-abi=hard -Wl,-build-id=none -specs=Xilinx.spec -Wl,-T -Wl,../src/lscript.ld -LC:/Github/Zybo_mipi/Pcam2019_sendExp/vitis/pcam2019SendExp/export/pcam2019SendExp/sw/pcam2019SendExp/standalone_domain/bsplib/lib -o "pcam2019Exp.elf"  ./src/ov5640/OV5640.o  ./src/i2c_access.o ./src/iic_phyreset.o ./src/main.o ./src/platform.o ./src/sfp.o ./src/si5324.o ./src/udp_main.o ./src/udp_perf_client.o   -Wl,--start-group,-lxil,-lgcc,-lc,-lstdc++,--end-group -Wl,--start-group,-lxil,-llwip4,-lgcc,-lc,--end-group
'Finished building target: pcam2019Exp.elf'
' '
'Invoking: ARM v7 Print Size'
arm-none-eabi-size pcam2019Exp.elf  |tee "pcam2019Exp.elf.size"
   text	   data	    bss	    dec	    hex	filename
 707759	   3956	31512864	32224579	1ebb543	pcam2019Exp.elf
'Finished building: pcam2019Exp.elf.size'
' '
04:15:06 **** Build of configuration Debug for project pcam2019Exp_system ****
make all 
Generating bif file for the system project
generate_system_bif.bat 51701 C:/Github/Zybo_mipi/Pcam2019_sendExp/vitis/pcam2019SendExp/export/pcam2019SendExp/pcam2019SendExp.xpfm standalone_domain C:/Github/Zybo_mipi/Pcam2019_sendExp/vitis/pcam2019Exp_system/Debug/system.bif
sdcard_gen --xpfm C:/Github/Zybo_mipi/Pcam2019_sendExp/vitis/pcam2019SendExp/export/pcam2019SendExp/pcam2019SendExp.xpfm --sys_config pcam2019SendExp --bif C:/Github/Zybo_mipi/Pcam2019_sendExp/vitis/pcam2019Exp_system/Debug/system.bif --bitstream C:/Github/Zybo_mipi/Pcam2019_sendExp/vitis/pcam2019Exp/_ide/bitstream/system_wrapper.bit --elf C:/Github/Zybo_mipi/Pcam2019_sendExp/vitis/pcam2019Exp/Debug/pcam2019Exp.elf,ps7_cortexa9_0
creating BOOT.BIN using C:/Github/Zybo_mipi/Pcam2019_sendExp/vitis/pcam2019Exp/_ide/bitstream/system_wrapper.bit
Running C:/Xilinx/Vitis/2019.2/bin/bootgen  -image C:/Github/Zybo_mipi/Pcam2019_sendExp/vitis/pcam2019Exp_system/Debug/sd_card_temp/boot.bif -w -o i BOOT.BIN
