01:42:45 **** Incremental Build of configuration Debug for project pcam2019_sendExp ****
make all 
make --no-print-directory pre-build
a9-linaro-pre-build-step
' '
make --no-print-directory main-build
'Building file: ../src/udp_perf_client.c'
'Invoking: ARM v7 g++ compiler'
arm-none-eabi-g++ -Wall -O0 -g3 -c -fmessage-length=0 -MT"src/udp_perf_client.o" -mcpu=cortex-a9 -mfpu=vfpv3 -mfloat-abi=hard -IC:/Github/Zybo_mipi/Pcam2019_sendExp/vitis/system_wrapper/export/system_wrapper/sw/system_wrapper/standalone_domain/bspinclude/include -MMD -MP -MF"src/udp_perf_client.d" -MT"src/udp_perf_client.o" -o "src/udp_perf_client.o" "../src/udp_perf_client.c"
../src/udp_perf_client.c: In function 'void transfer_data()':
../src/udp_perf_client.c:31:42: warning: '*' in boolean context, suggest '&&' instead [-Wint-in-bool-context]
 #define END_TIME ((u32)UDP_TIME_INTERVAL * (u32)1000)
                  ~~~~~~~~~~~~~~~~~~~~~~~~^~~~~~~~~~~~
../src/udp_perf_client.c:237:7: note: in expansion of macro 'END_TIME'
   if (END_TIME || REPORT_INTERVAL_TIME) { //END_TIME
       ^~~~~~~~
../src/udp_perf_client.c:29:60: warning: '*' in boolean context, suggest '&&' instead [-Wint-in-bool-context]
 #define REPORT_INTERVAL_TIME ((u32)INTERIM_REPORT_INTERVAL * (u32)1000)
                              ~~~~~~~~~~~~~~~~~~~~~~~~~~~~~~^~~~~~~~~~~~
../src/udp_perf_client.c:237:19: note: in expansion of macro 'REPORT_INTERVAL_TIME'
   if (END_TIME || REPORT_INTERVAL_TIME) { //END_TIME
                   ^~~~~~~~~~~~~~~~~~~~
../src/udp_perf_client.c:29:60: warning: '*' in boolean context, suggest '&&' instead [-Wint-in-bool-context]
 #define REPORT_INTERVAL_TIME ((u32)INTERIM_REPORT_INTERVAL * (u32)1000)
                              ~~~~~~~~~~~~~~~~~~~~~~~~~~~~~~^~~~~~~~~~~~
../src/udp_perf_client.c:239:8: note: in expansion of macro 'REPORT_INTERVAL_TIME'
    if (REPORT_INTERVAL_TIME) {
        ^~~~~~~~~~~~~~~~~~~~
'Finished building: ../src/udp_perf_client.c'
' '
'Building target: pcam2019_sendExp.elf'
'Invoking: ARM v7 g++ linker'
arm-none-eabi-g++ -mcpu=cortex-a9 -mfpu=vfpv3 -mfloat-abi=hard -Wl,-build-id=none -specs=Xilinx.spec -Wl,-T -Wl,../src/lscript.ld -LC:/Github/Zybo_mipi/Pcam2019_sendExp/vitis/system_wrapper/export/system_wrapper/sw/system_wrapper/standalone_domain/bsplib/lib -o "pcam2019_sendExp.elf"  ./src/ov5640/OV5640.o  ./src/i2c_access.o ./src/iic_phyreset.o ./src/main.o ./src/platform.o ./src/sfp.o ./src/si5324.o ./src/udp_main.o ./src/udp_perf_client.o   -Wl,--start-group,-lxil,-lgcc,-lc,-lstdc++,--end-group -Wl,--start-group,-lxil,-llwip4,-lgcc,-lc,--end-group
'Finished building target: pcam2019_sendExp.elf'
' '
'Invoking: ARM v7 Print Size'
arm-none-eabi-size pcam2019_sendExp.elf  |tee "pcam2019_sendExp.elf.size"
   text	   data	    bss	    dec	    hex	filename
 708103	   3956	31512864	32224923	1ebb69b	pcam2019_sendExp.elf
'Finished building: pcam2019_sendExp.elf.size'
' '

01:42:47 Build Finished (took 1s.391ms)

